// Jest Snapshot v1, https://goo.gl/fbAQLP

exports[`Popconfirm rtl render component should be rendered correctly in RTL direction 1`] = `<span />`;

exports[`Popconfirm should show overlay when trigger is clicked 1`] = `"<div class=\\"ant-popover-content\\"><div class=\\"ant-popover-arrow\\"><span class=\\"ant-popover-arrow-content\\"></span></div><div class=\\"ant-popover-inner\\" role=\\"tooltip\\"><div class=\\"ant-popover-inner-content\\"><div class=\\"ant-popover-message\\"><span role=\\"img\\" aria-label=\\"notice-circle-filled\\" class=\\"anticon anticon-notice-circle-filled\\"><svg viewBox=\\"0 0 16 16\\" focusable=\\"false\\" data-icon=\\"notice-circle-filled\\" width=\\"1em\\" height=\\"1em\\" fill=\\"currentColor\\" aria-hidden=\\"true\\"><path d=\\"M14.58 5.28A6.98 6.98 0 008.13 1a6.96 6.96 0 00-6.45 4.28 6.96 6.96 0 001.5 7.67 6.99 6.99 0 0011.4-7.67zm-6.45 6.66a.88.88 0 110-1.75.88.88 0 010 1.75zm.88-7c0 .06 0 .11-.02.16l-.42 3.82a.44.44 0 01-.87 0L7.27 5.1a.8.8 0 01-.01-.15V4.9a.88.88 0 011.75 0v.03z\\"></path></svg></span><div class=\\"ant-popover-message-title\\">code</div></div><div class=\\"ant-popover-buttons\\"><button type=\\"button\\" class=\\"ant-btn ant-btn-default ant-btn-sm\\"><span>Cancel</span></button><button type=\\"button\\" class=\\"ant-btn ant-btn-primary ant-btn-sm\\"><span>OK</span></button></div></div></div></div>"`;

exports[`Popconfirm should show overlay when trigger is clicked 2`] = `"<div class=\\"ant-popover-content\\"><div class=\\"ant-popover-arrow\\"><span class=\\"ant-popover-arrow-content\\"></span></div><div class=\\"ant-popover-inner\\" role=\\"tooltip\\"><div class=\\"ant-popover-inner-content\\"><div class=\\"ant-popover-message\\"><span role=\\"img\\" aria-label=\\"notice-circle-filled\\" class=\\"anticon anticon-notice-circle-filled\\"><svg viewBox=\\"0 0 16 16\\" focusable=\\"false\\" data-icon=\\"notice-circle-filled\\" width=\\"1em\\" height=\\"1em\\" fill=\\"currentColor\\" aria-hidden=\\"true\\"><path d=\\"M14.58 5.28A6.98 6.98 0 008.13 1a6.96 6.96 0 00-6.45 4.28 6.96 6.96 0 001.5 7.67 6.99 6.99 0 0011.4-7.67zm-6.45 6.66a.88.88 0 110-1.75.88.88 0 010 1.75zm.88-7c0 .06 0 .11-.02.16l-.42 3.82a.44.44 0 01-.87 0L7.27 5.1a.8.8 0 01-.01-.15V4.9a.88.88 0 011.75 0v.03z\\"></path></svg></span><div class=\\"ant-popover-message-title\\">code</div></div><div class=\\"ant-popover-buttons\\"><button type=\\"button\\" class=\\"ant-btn ant-btn-default ant-btn-sm\\"><span>Cancel</span></button><button type=\\"button\\" class=\\"ant-btn ant-btn-primary ant-btn-sm\\"><span>OK</span></button></div></div></div></div>"`;

exports[`Popconfirm shows content for render functions 1`] = `"<div class=\\"ant-popover-content\\"><div class=\\"ant-popover-arrow\\"><span class=\\"ant-popover-arrow-content\\"></span></div><div class=\\"ant-popover-inner\\" role=\\"tooltip\\"><div class=\\"ant-popover-inner-content\\"><div class=\\"ant-popover-message\\"><span role=\\"img\\" aria-label=\\"notice-circle-filled\\" class=\\"anticon anticon-notice-circle-filled\\"><svg viewBox=\\"0 0 16 16\\" focusable=\\"false\\" data-icon=\\"notice-circle-filled\\" width=\\"1em\\" height=\\"1em\\" fill=\\"currentColor\\" aria-hidden=\\"true\\"><path d=\\"M14.58 5.28A6.98 6.98 0 008.13 1a6.96 6.96 0 00-6.45 4.28 6.96 6.96 0 001.5 7.67 6.99 6.99 0 0011.4-7.67zm-6.45 6.66a.88.88 0 110-1.75.88.88 0 010 1.75zm.88-7c0 .06 0 .11-.02.16l-.42 3.82a.44.44 0 01-.87 0L7.27 5.1a.8.8 0 01-.01-.15V4.9a.88.88 0 011.75 0v.03z\\"></path></svg></span><div class=\\"ant-popover-message-title\\">some-title</div></div><div class=\\"ant-popover-buttons\\"><button type=\\"button\\" class=\\"ant-btn ant-btn-default ant-btn-sm\\"><span>Cancel</span></button><button type=\\"button\\" class=\\"ant-btn ant-btn-primary ant-btn-sm\\"><span>OK</span></button></div></div></div></div>"`;
